<dataset>

    <!-- ACCOUNT -->
    <ACCOUNT LOGIN="TestLogin" />

    <!-- PROFILE -->
    <PROFILE FIRST_NAME="Test First Name" LAST_NAME="Test Last Name" />

</dataset>
